{"Module":"Shim","InstanceId":"b2efe8f91b9c4b7fb3e92a5ef4f4ff3e","ContainerId":"b2efe8f91b9c4b7fb3e92a5ef4f4ff3e","Caller":"Shim","Action":"Create","Callee":"Ch","CalleeAction":"LaunchVmm","RetCode":"Ok","CostTime":0,"FunctionType":""}
{"Module":"Shim","InstanceId":"2f31a933c72742abbb3bc508d32a5f8a","ContainerId":"2f31a933c72742abbb3bc508d32a5f8a","Caller":"Shim","Action":"Create","Callee":"Ch","CalleeAction":"LaunchVmm","RetCode":"Ok","CostTime":0,"FunctionType":""}
{"Module":"Shim","InstanceId":"b2efe8f91b9c4b7fb3e92a5ef4f4ff3e","ContainerId":"b2efe8f91b9c4b7fb3e92a5ef4f4ff3e","Caller":"Shim","Action":"Create","Callee":"Ch","CalleeAction":"RestoreVm","RetCode":"Ok","CostTime":5,"FunctionType":""}
{"Module":"Shim","InstanceId":"2f31a933c72742abbb3bc508d32a5f8a","ContainerId":"2f31a933c72742abbb3bc508d32a5f8a","Caller":"Shim","Action":"Create","Callee":"Ch","CalleeAction":"RestoreVm","RetCode":"Ok","CostTime":5,"FunctionType":""}
{"Module":"Shim","InstanceId":"cc052924ff934beb996a1f22a277345f","ContainerId":"cc052924ff934beb996a1f22a277345f","Caller":"Shim","Action":"Create","Callee":"Ch","CalleeAction":"LaunchVmm","RetCode":"Ok","CostTime":0,"FunctionType":""}
{"Module":"Shim","InstanceId":"cc052924ff934beb996a1f22a277345f","ContainerId":"cc052924ff934beb996a1f22a277345f","Caller":"Shim","Action":"Create","Callee":"Ch","CalleeAction":"RestoreVm","RetCode":"Ok","CostTime":6,"FunctionType":""}
{"Module":"Shim","InstanceId":"8517f11b2a264e2a9a0147989408a40a","ContainerId":"8517f11b2a264e2a9a0147989408a40a","Caller":"Shim","Action":"Create","Callee":"Ch","CalleeAction":"LaunchVmm","RetCode":"Ok","CostTime":0,"FunctionType":""}
{"Module":"Shim","InstanceId":"8517f11b2a264e2a9a0147989408a40a","ContainerId":"8517f11b2a264e2a9a0147989408a40a","Caller":"Shim","Action":"Create","Callee":"Ch","CalleeAction":"RestoreVm","RetCode":"Ok","CostTime":5,"FunctionType":""}
{"Module":"Shim","InstanceId":"ac4a84fea07e422aaf9acbca0ca93d42","ContainerId":"ac4a84fea07e422aaf9acbca0ca93d42","Caller":"Shim","Action":"Create","Callee":"Ch","CalleeAction":"LaunchVmm","RetCode":"Ok","CostTime":0,"FunctionType":""}
{"Module":"Shim","InstanceId":"ac4a84fea07e422aaf9acbca0ca93d42","ContainerId":"ac4a84fea07e422aaf9acbca0ca93d42","Caller":"Shim","Action":"Create","Callee":"Ch","CalleeAction":"RestoreVm","RetCode":"Ok","CostTime":8,"FunctionType":""}
{"Module":"Shim","InstanceId":"08a70338cb684dd3bbad5a9de1b8dd93","ContainerId":"08a70338cb684dd3bbad5a9de1b8dd93","Caller":"Shim","Action":"Create","Callee":"Ch","CalleeAction":"LaunchVmm","RetCode":"Ok","CostTime":0,"FunctionType":""}
{"Module":"Shim","InstanceId":"08a70338cb684dd3bbad5a9de1b8dd93","ContainerId":"08a70338cb684dd3bbad5a9de1b8dd93","Caller":"Shim","Action":"Create","Callee":"Ch","CalleeAction":"RestoreVm","RetCode":"Ok","CostTime":5,"FunctionType":""}
{"Module":"Shim","InstanceId":"e65d0cdf57a64fd89821b774cd314690","ContainerId":"e65d0cdf57a64fd89821b774cd314690","Caller":"Shim","Action":"Create","Callee":"Ch","CalleeAction":"LaunchVmm","RetCode":"Ok","CostTime":0,"FunctionType":""}
{"Module":"Shim","InstanceId":"e65d0cdf57a64fd89821b774cd314690","ContainerId":"e65d0cdf57a64fd89821b774cd314690","Caller":"Shim","Action":"Create","Callee":"Ch","CalleeAction":"RestoreVm","RetCode":"Ok","CostTime":8,"FunctionType":""}
{"Module":"Shim","InstanceId":"2f31a933c72742abbb3bc508d32a5f8a","ContainerId":"2f31a933c72742abbb3bc508d32a5f8a","Caller":"Shim","Action":"Create","Callee":"Agent","CalleeAction":"ResetVm","RetCode":"Ok","CostTime":4,"FunctionType":""}
{"Module":"Shim","InstanceId":"e65d0cdf57a64fd89821b774cd314690","ContainerId":"e65d0cdf57a64fd89821b774cd314690","Caller":"Shim","Action":"Create","Callee":"Agent","CalleeAction":"ResetVm","RetCode":"Ok","CostTime":3,"FunctionType":""}
{"Module":"Shim","InstanceId":"2f31a933c72742abbb3bc508d32a5f8a","ContainerId":"2f31a933c72742abbb3bc508d32a5f8a","Caller":"Shim","Action":"Create","Callee":"Agent","CalleeAction":"CreateSandbox","RetCode":"Ok","CostTime":1,"FunctionType":""}
{"Module":"Shim","InstanceId":"b2efe8f91b9c4b7fb3e92a5ef4f4ff3e","ContainerId":"b2efe8f91b9c4b7fb3e92a5ef4f4ff3e","Caller":"Shim","Action":"Create","Callee":"Agent","CalleeAction":"ResetVm","RetCode":"Ok","CostTime":5,"FunctionType":""}
{"Module":"Shim","InstanceId":"d37af8aa51c345069e4df92f8dee79a5","ContainerId":"d37af8aa51c345069e4df92f8dee79a5","Caller":"Shim","Action":"Create","Callee":"Ch","CalleeAction":"LaunchVmm","RetCode":"Ok","CostTime":0,"FunctionType":""}
{"Module":"Shim","InstanceId":"b2efe8f91b9c4b7fb3e92a5ef4f4ff3e","ContainerId":"b2efe8f91b9c4b7fb3e92a5ef4f4ff3e","Caller":"Shim","Action":"Create","Callee":"Agent","CalleeAction":"CreateSandbox","RetCode":"Ok","CostTime":1,"FunctionType":""}
{"Module":"Shim","InstanceId":"d37af8aa51c345069e4df92f8dee79a5","ContainerId":"d37af8aa51c345069e4df92f8dee79a5","Caller":"Shim","Action":"Create","Callee":"Ch","CalleeAction":"RestoreVm","RetCode":"Ok","CostTime":10,"FunctionType":""}
{"Module":"Shim","InstanceId":"e65d0cdf57a64fd89821b774cd314690","ContainerId":"e65d0cdf57a64fd89821b774cd314690","Caller":"Shim","Action":"Create","Callee":"Agent","CalleeAction":"CreateSandbox","RetCode":"Ok","CostTime":1,"FunctionType":""}
{"Module":"Shim","InstanceId":"c6b9e81323394aafa4e2de1c6f2e4686","ContainerId":"c6b9e81323394aafa4e2de1c6f2e4686","Caller":"Shim","Action":"Create","Callee":"Ch","CalleeAction":"LaunchVmm","RetCode":"Ok","CostTime":0,"FunctionType":""}
{"Module":"Shim","InstanceId":"c6b9e81323394aafa4e2de1c6f2e4686","ContainerId":"c6b9e81323394aafa4e2de1c6f2e4686","Caller":"Shim","Action":"Create","Callee":"Ch","CalleeAction":"RestoreVm","RetCode":"Ok","CostTime":13,"FunctionType":""}
{"Module":"Shim","InstanceId":"cc052924ff934beb996a1f22a277345f","ContainerId":"cc052924ff934beb996a1f22a277345f","Caller":"Shim","Action":"Create","Callee":"Agent","CalleeAction":"ResetVm","RetCode":"Ok","CostTime":3,"FunctionType":""}
{"Module":"Shim","InstanceId":"4dbe4154f67a4292adc0cd7bf48e0ebc","ContainerId":"4dbe4154f67a4292adc0cd7bf48e0ebc","Caller":"Shim","Action":"Create","Callee":"Ch","CalleeAction":"LaunchVmm","RetCode":"Ok","CostTime":0,"FunctionType":""}
{"Module":"Shim","InstanceId":"4dbe4154f67a4292adc0cd7bf48e0ebc","ContainerId":"4dbe4154f67a4292adc0cd7bf48e0ebc","Caller":"Shim","Action":"Create","Callee":"Ch","CalleeAction":"RestoreVm","RetCode":"Ok","CostTime":16,"FunctionType":""}
{"Module":"Shim","InstanceId":"8517f11b2a264e2a9a0147989408a40a","ContainerId":"8517f11b2a264e2a9a0147989408a40a","Caller":"Shim","Action":"Create","Callee":"Agent","CalleeAction":"ResetVm","RetCode":"Ok","CostTime":12,"FunctionType":""}
{"Module":"Shim","InstanceId":"08a70338cb684dd3bbad5a9de1b8dd93","ContainerId":"08a70338cb684dd3bbad5a9de1b8dd93","Caller":"Shim","Action":"Create","Callee":"Agent","CalleeAction":"ResetVm","RetCode":"Ok","CostTime":11,"FunctionType":""}
{"Module":"Shim","InstanceId":"cc052924ff934beb996a1f22a277345f","ContainerId":"cc052924ff934beb996a1f22a277345f","Caller":"Shim","Action":"Create","Callee":"Agent","CalleeAction":"CreateSandbox","RetCode":"Ok","CostTime":3,"FunctionType":""}
{"Module":"Shim","InstanceId":"ac4a84fea07e422aaf9acbca0ca93d42","ContainerId":"ac4a84fea07e422aaf9acbca0ca93d42","Caller":"Shim","Action":"Create","Callee":"Agent","CalleeAction":"ResetVm","RetCode":"Ok","CostTime":8,"FunctionType":""}
{"Module":"Shim","InstanceId":"08a70338cb684dd3bbad5a9de1b8dd93","ContainerId":"08a70338cb684dd3bbad5a9de1b8dd93","Caller":"Shim","Action":"Create","Callee":"Agent","CalleeAction":"CreateSandbox","RetCode":"Ok","CostTime":2,"FunctionType":""}
{"Module":"Shim","InstanceId":"d37af8aa51c345069e4df92f8dee79a5","ContainerId":"d37af8aa51c345069e4df92f8dee79a5","Caller":"Shim","Action":"Create","Callee":"Agent","CalleeAction":"ResetVm","RetCode":"Ok","CostTime":10,"FunctionType":""}
{"Module":"Shim","InstanceId":"d37af8aa51c345069e4df92f8dee79a5","ContainerId":"d37af8aa51c345069e4df92f8dee79a5","Caller":"Shim","Action":"Create","Callee":"Agent","CalleeAction":"CreateSandbox","RetCode":"Ok","CostTime":4,"FunctionType":""}
{"Module":"Shim","InstanceId":"e65d0cdf57a64fd89821b774cd314690","ContainerId":"e65d0cdf57a64fd89821b774cd314690","Caller":"Shim","Action":"Create","Callee":"Agent","CalleeAction":"CreateContainer","RetCode":"Ok","CostTime":11,"FunctionType":""}
{"Module":"Shim","InstanceId":"e65d0cdf57a64fd89821b774cd314690","ContainerId":"e65d0cdf57a64fd89821b774cd314690","Caller":"Shim","Action":"Create","Callee":"Shim","CalleeAction":"CreatePodSandbox","RetCode":"Ok","CostTime":28,"FunctionType":""}
{"Module":"Shim","InstanceId":"c6b9e81323394aafa4e2de1c6f2e4686","ContainerId":"c6b9e81323394aafa4e2de1c6f2e4686","Caller":"Shim","Action":"Create","Callee":"Agent","CalleeAction":"ResetVm","RetCode":"Ok","CostTime":7,"FunctionType":""}
{"Module":"Shim","InstanceId":"4dbe4154f67a4292adc0cd7bf48e0ebc","ContainerId":"4dbe4154f67a4292adc0cd7bf48e0ebc","Caller":"Shim","Action":"Create","Callee":"Agent","CalleeAction":"ResetVm","RetCode":"Ok","CostTime":6,"FunctionType":""}
{"Module":"Shim","InstanceId":"8517f11b2a264e2a9a0147989408a40a","ContainerId":"8517f11b2a264e2a9a0147989408a40a","Caller":"Shim","Action":"Create","Callee":"Agent","CalleeAction":"CreateSandbox","RetCode":"Ok","CostTime":6,"FunctionType":""}
{"Module":"Shim","InstanceId":"ac4a84fea07e422aaf9acbca0ca93d42","ContainerId":"ac4a84fea07e422aaf9acbca0ca93d42","Caller":"Shim","Action":"Create","Callee":"Agent","CalleeAction":"CreateSandbox","RetCode":"Ok","CostTime":5,"FunctionType":""}
{"Module":"Shim","InstanceId":"b2efe8f91b9c4b7fb3e92a5ef4f4ff3e","ContainerId":"b2efe8f91b9c4b7fb3e92a5ef4f4ff3e","Caller":"Shim","Action":"Create","Callee":"Agent","CalleeAction":"CreateContainer","RetCode":"Ok","CostTime":15,"FunctionType":""}
{"Module":"Shim","InstanceId":"b2efe8f91b9c4b7fb3e92a5ef4f4ff3e","ContainerId":"b2efe8f91b9c4b7fb3e92a5ef4f4ff3e","Caller":"Shim","Action":"Create","Callee":"Shim","CalleeAction":"CreatePodSandbox","RetCode":"Ok","CostTime":30,"FunctionType":""}
{"Module":"Shim","InstanceId":"4dbe4154f67a4292adc0cd7bf48e0ebc","ContainerId":"4dbe4154f67a4292adc0cd7bf48e0ebc","Caller":"Shim","Action":"Create","Callee":"Agent","CalleeAction":"CreateSandbox","RetCode":"Ok","CostTime":5,"FunctionType":""}
{"Module":"Shim","InstanceId":"2f31a933c72742abbb3bc508d32a5f8a","ContainerId":"2f31a933c72742abbb3bc508d32a5f8a","Caller":"Shim","Action":"Create","Callee":"Agent","CalleeAction":"CreateContainer","RetCode":"Ok","CostTime":19,"FunctionType":""}
{"Module":"Shim","InstanceId":"c6b9e81323394aafa4e2de1c6f2e4686","ContainerId":"c6b9e81323394aafa4e2de1c6f2e4686","Caller":"Shim","Action":"Create","Callee":"Agent","CalleeAction":"CreateSandbox","RetCode":"Ok","CostTime":7,"FunctionType":""}
{"Module":"Shim","InstanceId":"2f31a933c72742abbb3bc508d32a5f8a","ContainerId":"2f31a933c72742abbb3bc508d32a5f8a","Caller":"Shim","Action":"Create","Callee":"Shim","CalleeAction":"CreatePodSandbox","RetCode":"Ok","CostTime":35,"FunctionType":""}
{"Module":"Shim","InstanceId":"8517f11b2a264e2a9a0147989408a40a","ContainerId":"8517f11b2a264e2a9a0147989408a40a","Caller":"Shim","Action":"Create","Callee":"Agent","CalleeAction":"CreateContainer","RetCode":"Ok","CostTime":21,"FunctionType":""}
{"Module":"Shim","InstanceId":"8517f11b2a264e2a9a0147989408a40a","ContainerId":"8517f11b2a264e2a9a0147989408a40a","Caller":"Shim","Action":"Create","Callee":"Shim","CalleeAction":"CreatePodSandbox","RetCode":"Ok","CostTime":50,"FunctionType":""}
{"Module":"Shim","InstanceId":"d37af8aa51c345069e4df92f8dee79a5","ContainerId":"d37af8aa51c345069e4df92f8dee79a5","Caller":"Shim","Action":"Create","Callee":"Agent","CalleeAction":"CreateContainer","RetCode":"Ok","CostTime":23,"FunctionType":""}
{"Module":"Shim","InstanceId":"4dbe4154f67a4292adc0cd7bf48e0ebc","ContainerId":"4dbe4154f67a4292adc0cd7bf48e0ebc","Caller":"Shim","Action":"Create","Callee":"Agent","CalleeAction":"CreateContainer","RetCode":"Ok","CostTime":18,"FunctionType":""}
{"Module":"Shim","InstanceId":"d37af8aa51c345069e4df92f8dee79a5","ContainerId":"d37af8aa51c345069e4df92f8dee79a5","Caller":"Shim","Action":"Create","Callee":"Shim","CalleeAction":"CreatePodSandbox","RetCode":"Ok","CostTime":52,"FunctionType":""}
{"Module":"Shim","InstanceId":"4dbe4154f67a4292adc0cd7bf48e0ebc","ContainerId":"4dbe4154f67a4292adc0cd7bf48e0ebc","Caller":"Shim","Action":"Create","Callee":"Shim","CalleeAction":"CreatePodSandbox","RetCode":"Ok","CostTime":54,"FunctionType":""}
{"Module":"Shim","InstanceId":"c6b9e81323394aafa4e2de1c6f2e4686","ContainerId":"c6b9e81323394aafa4e2de1c6f2e4686","Caller":"Shim","Action":"Create","Callee":"Agent","CalleeAction":"CreateContainer","RetCode":"Ok","CostTime":21,"FunctionType":""}
{"Module":"Shim","InstanceId":"c6b9e81323394aafa4e2de1c6f2e4686","ContainerId":"c6b9e81323394aafa4e2de1c6f2e4686","Caller":"Shim","Action":"Create","Callee":"Shim","CalleeAction":"CreatePodSandbox","RetCode":"Ok","CostTime":56,"FunctionType":""}
{"Module":"Shim","InstanceId":"ac4a84fea07e422aaf9acbca0ca93d42","ContainerId":"ac4a84fea07e422aaf9acbca0ca93d42","Caller":"Shim","Action":"Create","Callee":"Agent","CalleeAction":"CreateContainer","RetCode":"Ok","CostTime":31,"FunctionType":""}
{"Module":"Shim","InstanceId":"ac4a84fea07e422aaf9acbca0ca93d42","ContainerId":"ac4a84fea07e422aaf9acbca0ca93d42","Caller":"Shim","Action":"Create","Callee":"Shim","CalleeAction":"CreatePodSandbox","RetCode":"Ok","CostTime":61,"FunctionType":""}
{"Module":"Shim","InstanceId":"08a70338cb684dd3bbad5a9de1b8dd93","ContainerId":"08a70338cb684dd3bbad5a9de1b8dd93","Caller":"Shim","Action":"Create","Callee":"Agent","CalleeAction":"CreateContainer","RetCode":"Ok","CostTime":40,"FunctionType":""}
{"Module":"Shim","InstanceId":"08a70338cb684dd3bbad5a9de1b8dd93","ContainerId":"08a70338cb684dd3bbad5a9de1b8dd93","Caller":"Shim","Action":"Create","Callee":"Shim","CalleeAction":"CreatePodSandbox","RetCode":"Ok","CostTime":66,"FunctionType":""}
{"Module":"Shim","InstanceId":"cc052924ff934beb996a1f22a277345f","ContainerId":"cc052924ff934beb996a1f22a277345f","Caller":"Shim","Action":"Create","Callee":"Agent","CalleeAction":"CreateContainer","RetCode":"Ok","CostTime":57,"FunctionType":""}
{"Module":"Shim","InstanceId":"cc052924ff934beb996a1f22a277345f","ContainerId":"cc052924ff934beb996a1f22a277345f","Caller":"Shim","Action":"Create","Callee":"Shim","CalleeAction":"CreatePodSandbox","RetCode":"Ok","CostTime":80,"FunctionType":""}
{"Module":"Shim","InstanceId":"d37af8aa51c345069e4df92f8dee79a5","ContainerId":"d37af8aa51c345069e4df92f8dee79a5","Caller":"Shim","Action":"Delete","Callee":"Shim","CalleeAction":"DeleteContainer","RetCode":"Ok","CostTime":0,"FunctionType":""}
{"Module":"Shim","InstanceId":"08a70338cb684dd3bbad5a9de1b8dd93","ContainerId":"08a70338cb684dd3bbad5a9de1b8dd93","Caller":"Shim","Action":"Delete","Callee":"Shim","CalleeAction":"DeleteContainer","RetCode":"Ok","CostTime":0,"FunctionType":""}
{"Module":"Shim","InstanceId":"ac4a84fea07e422aaf9acbca0ca93d42","ContainerId":"ac4a84fea07e422aaf9acbca0ca93d42","Caller":"Shim","Action":"Delete","Callee":"Shim","CalleeAction":"DeleteContainer","RetCode":"Ok","CostTime":0,"FunctionType":""}
{"Module":"Shim","InstanceId":"4dbe4154f67a4292adc0cd7bf48e0ebc","ContainerId":"4dbe4154f67a4292adc0cd7bf48e0ebc","Caller":"Shim","Action":"Delete","Callee":"Shim","CalleeAction":"DeleteContainer","RetCode":"Ok","CostTime":0,"FunctionType":""}
{"Module":"Shim","InstanceId":"c6b9e81323394aafa4e2de1c6f2e4686","ContainerId":"c6b9e81323394aafa4e2de1c6f2e4686","Caller":"Shim","Action":"Delete","Callee":"Shim","CalleeAction":"DeleteContainer","RetCode":"Ok","CostTime":0,"FunctionType":""}
{"Module":"Shim","InstanceId":"cc052924ff934beb996a1f22a277345f","ContainerId":"cc052924ff934beb996a1f22a277345f","Caller":"Shim","Action":"Delete","Callee":"Shim","CalleeAction":"DeleteContainer","RetCode":"Ok","CostTime":0,"FunctionType":""}
{"Module":"Shim","InstanceId":"e65d0cdf57a64fd89821b774cd314690","ContainerId":"e65d0cdf57a64fd89821b774cd314690","Caller":"Shim","Action":"Delete","Callee":"Shim","CalleeAction":"DeleteContainer","RetCode":"Ok","CostTime":0,"FunctionType":""}
{"Module":"Shim","InstanceId":"2f31a933c72742abbb3bc508d32a5f8a","ContainerId":"2f31a933c72742abbb3bc508d32a5f8a","Caller":"Shim","Action":"Delete","Callee":"Shim","CalleeAction":"DeleteContainer","RetCode":"Ok","CostTime":0,"FunctionType":""}
{"Module":"Shim","InstanceId":"8517f11b2a264e2a9a0147989408a40a","ContainerId":"8517f11b2a264e2a9a0147989408a40a","Caller":"Shim","Action":"Delete","Callee":"Shim","CalleeAction":"DeleteContainer","RetCode":"Ok","CostTime":0,"FunctionType":""}
{"Module":"Shim","InstanceId":"b2efe8f91b9c4b7fb3e92a5ef4f4ff3e","ContainerId":"b2efe8f91b9c4b7fb3e92a5ef4f4ff3e","Caller":"Shim","Action":"Delete","Callee":"Shim","CalleeAction":"DeleteContainer","RetCode":"Ok","CostTime":0,"FunctionType":""}
