{"Module":"Shim","InstanceId":"5b274f161c8a407b87f888028ea9e9b6","ContainerId":"5b274f161c8a407b87f888028ea9e9b6","Caller":"Shim","Action":"Create","Callee":"Ch","CalleeAction":"LaunchVmm","RetCode":"Ok","CostTime":0,"FunctionType":""}
{"Module":"Shim","InstanceId":"5b274f161c8a407b87f888028ea9e9b6","ContainerId":"5b274f161c8a407b87f888028ea9e9b6","Caller":"Shim","Action":"Create","Callee":"Ch","CalleeAction":"RestoreVm","RetCode":"Ok","CostTime":4,"FunctionType":""}
{"Module":"Shim","InstanceId":"44cf4e5cce894251b5e9020341e34601","ContainerId":"44cf4e5cce894251b5e9020341e34601","Caller":"Shim","Action":"Create","Callee":"Ch","CalleeAction":"LaunchVmm","RetCode":"Ok","CostTime":0,"FunctionType":""}
{"Module":"Shim","InstanceId":"44cf4e5cce894251b5e9020341e34601","ContainerId":"44cf4e5cce894251b5e9020341e34601","Caller":"Shim","Action":"Create","Callee":"Ch","CalleeAction":"RestoreVm","RetCode":"Ok","CostTime":5,"FunctionType":""}
{"Module":"Shim","InstanceId":"a82dd64c62424c6cae7b359e1b5e1a7c","ContainerId":"a82dd64c62424c6cae7b359e1b5e1a7c","Caller":"Shim","Action":"Create","Callee":"Ch","CalleeAction":"LaunchVmm","RetCode":"Ok","CostTime":0,"FunctionType":""}
{"Module":"Shim","InstanceId":"a82dd64c62424c6cae7b359e1b5e1a7c","ContainerId":"a82dd64c62424c6cae7b359e1b5e1a7c","Caller":"Shim","Action":"Create","Callee":"Ch","CalleeAction":"RestoreVm","RetCode":"Ok","CostTime":7,"FunctionType":""}
{"Module":"Shim","InstanceId":"1b78dc7621144aa9aabc638a5b295e1c","ContainerId":"1b78dc7621144aa9aabc638a5b295e1c","Caller":"Shim","Action":"Create","Callee":"Ch","CalleeAction":"LaunchVmm","RetCode":"Ok","CostTime":0,"FunctionType":""}
{"Module":"Shim","InstanceId":"1b78dc7621144aa9aabc638a5b295e1c","ContainerId":"1b78dc7621144aa9aabc638a5b295e1c","Caller":"Shim","Action":"Create","Callee":"Ch","CalleeAction":"RestoreVm","RetCode":"Ok","CostTime":6,"FunctionType":""}
{"Module":"Shim","InstanceId":"31637c83e5c54eb0b3bd534f31504706","ContainerId":"31637c83e5c54eb0b3bd534f31504706","Caller":"Shim","Action":"Create","Callee":"Ch","CalleeAction":"LaunchVmm","RetCode":"Ok","CostTime":0,"FunctionType":""}
{"Module":"Shim","InstanceId":"31637c83e5c54eb0b3bd534f31504706","ContainerId":"31637c83e5c54eb0b3bd534f31504706","Caller":"Shim","Action":"Create","Callee":"Ch","CalleeAction":"RestoreVm","RetCode":"Ok","CostTime":10,"FunctionType":""}
{"Module":"Shim","InstanceId":"86e93e932d6c4a9d8c06efe7b4f8122b","ContainerId":"86e93e932d6c4a9d8c06efe7b4f8122b","Caller":"Shim","Action":"Create","Callee":"Ch","CalleeAction":"LaunchVmm","RetCode":"Ok","CostTime":0,"FunctionType":""}
{"Module":"Shim","InstanceId":"86e93e932d6c4a9d8c06efe7b4f8122b","ContainerId":"86e93e932d6c4a9d8c06efe7b4f8122b","Caller":"Shim","Action":"Create","Callee":"Ch","CalleeAction":"RestoreVm","RetCode":"Ok","CostTime":11,"FunctionType":""}
{"Module":"Shim","InstanceId":"464514b10d23438e84aa2da5629f4e17","ContainerId":"464514b10d23438e84aa2da5629f4e17","Caller":"Shim","Action":"Create","Callee":"Ch","CalleeAction":"LaunchVmm","RetCode":"Ok","CostTime":0,"FunctionType":""}
{"Module":"Shim","InstanceId":"464514b10d23438e84aa2da5629f4e17","ContainerId":"464514b10d23438e84aa2da5629f4e17","Caller":"Shim","Action":"Create","Callee":"Ch","CalleeAction":"RestoreVm","RetCode":"Ok","CostTime":11,"FunctionType":""}
{"Module":"Shim","InstanceId":"1b78dc7621144aa9aabc638a5b295e1c","ContainerId":"1b78dc7621144aa9aabc638a5b295e1c","Caller":"Shim","Action":"Create","Callee":"Agent","CalleeAction":"ResetVm","RetCode":"Ok","CostTime":4,"FunctionType":""}
{"Module":"Shim","InstanceId":"1b78dc7621144aa9aabc638a5b295e1c","ContainerId":"1b78dc7621144aa9aabc638a5b295e1c","Caller":"Shim","Action":"Create","Callee":"Agent","CalleeAction":"CreateSandbox","RetCode":"Ok","CostTime":1,"FunctionType":""}
{"Module":"Shim","InstanceId":"5b274f161c8a407b87f888028ea9e9b6","ContainerId":"5b274f161c8a407b87f888028ea9e9b6","Caller":"Shim","Action":"Create","Callee":"Agent","CalleeAction":"ResetVm","RetCode":"Ok","CostTime":7,"FunctionType":""}
{"Module":"Shim","InstanceId":"e782331fbb034b3eb40dd83c27e42191","ContainerId":"e782331fbb034b3eb40dd83c27e42191","Caller":"Shim","Action":"Create","Callee":"Ch","CalleeAction":"LaunchVmm","RetCode":"Ok","CostTime":0,"FunctionType":""}
{"Module":"Shim","InstanceId":"e782331fbb034b3eb40dd83c27e42191","ContainerId":"e782331fbb034b3eb40dd83c27e42191","Caller":"Shim","Action":"Create","Callee":"Ch","CalleeAction":"RestoreVm","RetCode":"Ok","CostTime":10,"FunctionType":""}
{"Module":"Shim","InstanceId":"464514b10d23438e84aa2da5629f4e17","ContainerId":"464514b10d23438e84aa2da5629f4e17","Caller":"Shim","Action":"Create","Callee":"Agent","CalleeAction":"ResetVm","RetCode":"Ok","CostTime":4,"FunctionType":""}
{"Module":"Shim","InstanceId":"5b274f161c8a407b87f888028ea9e9b6","ContainerId":"5b274f161c8a407b87f888028ea9e9b6","Caller":"Shim","Action":"Create","Callee":"Agent","CalleeAction":"CreateSandbox","RetCode":"Ok","CostTime":1,"FunctionType":""}
{"Module":"Shim","InstanceId":"86e93e932d6c4a9d8c06efe7b4f8122b","ContainerId":"86e93e932d6c4a9d8c06efe7b4f8122b","Caller":"Shim","Action":"Create","Callee":"Agent","CalleeAction":"ResetVm","RetCode":"Ok","CostTime":5,"FunctionType":""}
{"Module":"Shim","InstanceId":"6011a56d4aa54f409e58a21e8e5561fa","ContainerId":"6011a56d4aa54f409e58a21e8e5561fa","Caller":"Shim","Action":"Create","Callee":"Ch","CalleeAction":"LaunchVmm","RetCode":"Ok","CostTime":0,"FunctionType":""}
{"Module":"Shim","InstanceId":"6011a56d4aa54f409e58a21e8e5561fa","ContainerId":"6011a56d4aa54f409e58a21e8e5561fa","Caller":"Shim","Action":"Create","Callee":"Ch","CalleeAction":"RestoreVm","RetCode":"Ok","CostTime":18,"FunctionType":""}
{"Module":"Shim","InstanceId":"a82dd64c62424c6cae7b359e1b5e1a7c","ContainerId":"a82dd64c62424c6cae7b359e1b5e1a7c","Caller":"Shim","Action":"Create","Callee":"Agent","CalleeAction":"ResetVm","RetCode":"Ok","CostTime":4,"FunctionType":""}
{"Module":"Shim","InstanceId":"86e93e932d6c4a9d8c06efe7b4f8122b","ContainerId":"86e93e932d6c4a9d8c06efe7b4f8122b","Caller":"Shim","Action":"Create","Callee":"Agent","CalleeAction":"CreateSandbox","RetCode":"Ok","CostTime":2,"FunctionType":""}
{"Module":"Shim","InstanceId":"c1c31f4b9d5e4082ba263c47ad170805","ContainerId":"c1c31f4b9d5e4082ba263c47ad170805","Caller":"Shim","Action":"Create","Callee":"Ch","CalleeAction":"LaunchVmm","RetCode":"Ok","CostTime":0,"FunctionType":""}
{"Module":"Shim","InstanceId":"c1c31f4b9d5e4082ba263c47ad170805","ContainerId":"c1c31f4b9d5e4082ba263c47ad170805","Caller":"Shim","Action":"Create","Callee":"Ch","CalleeAction":"RestoreVm","RetCode":"Ok","CostTime":11,"FunctionType":""}
{"Module":"Shim","InstanceId":"a82dd64c62424c6cae7b359e1b5e1a7c","ContainerId":"a82dd64c62424c6cae7b359e1b5e1a7c","Caller":"Shim","Action":"Create","Callee":"Agent","CalleeAction":"CreateSandbox","RetCode":"Ok","CostTime":2,"FunctionType":""}
{"Module":"Shim","InstanceId":"31637c83e5c54eb0b3bd534f31504706","ContainerId":"31637c83e5c54eb0b3bd534f31504706","Caller":"Shim","Action":"Create","Callee":"Agent","CalleeAction":"ResetVm","RetCode":"Ok","CostTime":8,"FunctionType":""}
{"Module":"Shim","InstanceId":"464514b10d23438e84aa2da5629f4e17","ContainerId":"464514b10d23438e84aa2da5629f4e17","Caller":"Shim","Action":"Create","Callee":"Agent","CalleeAction":"CreateSandbox","RetCode":"Ok","CostTime":6,"FunctionType":""}
{"Module":"Shim","InstanceId":"44cf4e5cce894251b5e9020341e34601","ContainerId":"44cf4e5cce894251b5e9020341e34601","Caller":"Shim","Action":"Create","Callee":"Agent","CalleeAction":"ResetVm","RetCode":"Ok","CostTime":12,"FunctionType":""}
{"Module":"Shim","InstanceId":"6011a56d4aa54f409e58a21e8e5561fa","ContainerId":"6011a56d4aa54f409e58a21e8e5561fa","Caller":"Shim","Action":"Create","Callee":"Agent","CalleeAction":"ResetVm","RetCode":"Ok","CostTime":4,"FunctionType":""}
{"Module":"Shim","InstanceId":"1b78dc7621144aa9aabc638a5b295e1c","ContainerId":"1b78dc7621144aa9aabc638a5b295e1c","Caller":"Shim","Action":"Create","Callee":"Agent","CalleeAction":"CreateContainer","RetCode":"Ok","CostTime":12,"FunctionType":""}
{"Module":"Shim","InstanceId":"44cf4e5cce894251b5e9020341e34601","ContainerId":"44cf4e5cce894251b5e9020341e34601","Caller":"Shim","Action":"Create","Callee":"Agent","CalleeAction":"CreateSandbox","RetCode":"Ok","CostTime":3,"FunctionType":""}
{"Module":"Shim","InstanceId":"1b78dc7621144aa9aabc638a5b295e1c","ContainerId":"1b78dc7621144aa9aabc638a5b295e1c","Caller":"Shim","Action":"Create","Callee":"Shim","CalleeAction":"CreatePodSandbox","RetCode":"Ok","CostTime":28,"FunctionType":""}
{"Module":"Shim","InstanceId":"c1c31f4b9d5e4082ba263c47ad170805","ContainerId":"c1c31f4b9d5e4082ba263c47ad170805","Caller":"Shim","Action":"Create","Callee":"Agent","CalleeAction":"ResetVm","RetCode":"Ok","CostTime":9,"FunctionType":""}
{"Module":"Shim","InstanceId":"6011a56d4aa54f409e58a21e8e5561fa","ContainerId":"6011a56d4aa54f409e58a21e8e5561fa","Caller":"Shim","Action":"Create","Callee":"Agent","CalleeAction":"CreateSandbox","RetCode":"Ok","CostTime":3,"FunctionType":""}
{"Module":"Shim","InstanceId":"31637c83e5c54eb0b3bd534f31504706","ContainerId":"31637c83e5c54eb0b3bd534f31504706","Caller":"Shim","Action":"Create","Callee":"Agent","CalleeAction":"CreateSandbox","RetCode":"Ok","CostTime":5,"FunctionType":""}
{"Module":"Shim","InstanceId":"c1c31f4b9d5e4082ba263c47ad170805","ContainerId":"c1c31f4b9d5e4082ba263c47ad170805","Caller":"Shim","Action":"Create","Callee":"Agent","CalleeAction":"CreateSandbox","RetCode":"Ok","CostTime":2,"FunctionType":""}
{"Module":"Shim","InstanceId":"464514b10d23438e84aa2da5629f4e17","ContainerId":"464514b10d23438e84aa2da5629f4e17","Caller":"Shim","Action":"Create","Callee":"Agent","CalleeAction":"CreateContainer","RetCode":"Ok","CostTime":13,"FunctionType":""}
{"Module":"Shim","InstanceId":"e782331fbb034b3eb40dd83c27e42191","ContainerId":"e782331fbb034b3eb40dd83c27e42191","Caller":"Shim","Action":"Create","Callee":"Agent","CalleeAction":"ResetVm","RetCode":"Ok","CostTime":16,"FunctionType":""}
{"Module":"Shim","InstanceId":"464514b10d23438e84aa2da5629f4e17","ContainerId":"464514b10d23438e84aa2da5629f4e17","Caller":"Shim","Action":"Create","Callee":"Shim","CalleeAction":"CreatePodSandbox","RetCode":"Ok","CostTime":39,"FunctionType":""}
{"Module":"Shim","InstanceId":"5b274f161c8a407b87f888028ea9e9b6","ContainerId":"5b274f161c8a407b87f888028ea9e9b6","Caller":"Shim","Action":"Create","Callee":"Agent","CalleeAction":"CreateContainer","RetCode":"Ok","CostTime":21,"FunctionType":""}
{"Module":"Shim","InstanceId":"86e93e932d6c4a9d8c06efe7b4f8122b","ContainerId":"86e93e932d6c4a9d8c06efe7b4f8122b","Caller":"Shim","Action":"Create","Callee":"Agent","CalleeAction":"CreateContainer","RetCode":"Ok","CostTime":19,"FunctionType":""}
{"Module":"Shim","InstanceId":"6011a56d4aa54f409e58a21e8e5561fa","ContainerId":"6011a56d4aa54f409e58a21e8e5561fa","Caller":"Shim","Action":"Create","Callee":"Agent","CalleeAction":"CreateContainer","RetCode":"Ok","CostTime":12,"FunctionType":""}
{"Module":"Shim","InstanceId":"6011a56d4aa54f409e58a21e8e5561fa","ContainerId":"6011a56d4aa54f409e58a21e8e5561fa","Caller":"Shim","Action":"Create","Callee":"Shim","CalleeAction":"CreatePodSandbox","RetCode":"Ok","CostTime":41,"FunctionType":""}
{"Module":"Shim","InstanceId":"5b274f161c8a407b87f888028ea9e9b6","ContainerId":"5b274f161c8a407b87f888028ea9e9b6","Caller":"Shim","Action":"Create","Callee":"Shim","CalleeAction":"CreatePodSandbox","RetCode":"Ok","CostTime":39,"FunctionType":""}
{"Module":"Shim","InstanceId":"86e93e932d6c4a9d8c06efe7b4f8122b","ContainerId":"86e93e932d6c4a9d8c06efe7b4f8122b","Caller":"Shim","Action":"Create","Callee":"Shim","CalleeAction":"CreatePodSandbox","RetCode":"Ok","CostTime":43,"FunctionType":""}
{"Module":"Shim","InstanceId":"31637c83e5c54eb0b3bd534f31504706","ContainerId":"31637c83e5c54eb0b3bd534f31504706","Caller":"Shim","Action":"Create","Callee":"Agent","CalleeAction":"CreateContainer","RetCode":"Ok","CostTime":17,"FunctionType":""}
{"Module":"Shim","InstanceId":"31637c83e5c54eb0b3bd534f31504706","ContainerId":"31637c83e5c54eb0b3bd534f31504706","Caller":"Shim","Action":"Create","Callee":"Shim","CalleeAction":"CreatePodSandbox","RetCode":"Ok","CostTime":47,"FunctionType":""}
{"Module":"Shim","InstanceId":"e782331fbb034b3eb40dd83c27e42191","ContainerId":"e782331fbb034b3eb40dd83c27e42191","Caller":"Shim","Action":"Create","Callee":"Agent","CalleeAction":"CreateSandbox","RetCode":"Ok","CostTime":9,"FunctionType":""}
{"Module":"Shim","InstanceId":"a82dd64c62424c6cae7b359e1b5e1a7c","ContainerId":"a82dd64c62424c6cae7b359e1b5e1a7c","Caller":"Shim","Action":"Create","Callee":"Agent","CalleeAction":"CreateContainer","RetCode":"Ok","CostTime":30,"FunctionType":""}
{"Module":"Shim","InstanceId":"a82dd64c62424c6cae7b359e1b5e1a7c","ContainerId":"a82dd64c62424c6cae7b359e1b5e1a7c","Caller":"Shim","Action":"Create","Callee":"Shim","CalleeAction":"CreatePodSandbox","RetCode":"Ok","CostTime":53,"FunctionType":""}
{"Module":"Shim","InstanceId":"c1c31f4b9d5e4082ba263c47ad170805","ContainerId":"c1c31f4b9d5e4082ba263c47ad170805","Caller":"Shim","Action":"Create","Callee":"Agent","CalleeAction":"CreateContainer","RetCode":"Ok","CostTime":35,"FunctionType":""}
{"Module":"Shim","InstanceId":"c1c31f4b9d5e4082ba263c47ad170805","ContainerId":"c1c31f4b9d5e4082ba263c47ad170805","Caller":"Shim","Action":"Create","Callee":"Shim","CalleeAction":"CreatePodSandbox","RetCode":"Ok","CostTime":66,"FunctionType":""}
{"Module":"Shim","InstanceId":"e782331fbb034b3eb40dd83c27e42191","ContainerId":"e782331fbb034b3eb40dd83c27e42191","Caller":"Shim","Action":"Create","Callee":"Agent","CalleeAction":"CreateContainer","RetCode":"Ok","CostTime":24,"FunctionType":""}
{"Module":"Shim","InstanceId":"e782331fbb034b3eb40dd83c27e42191","ContainerId":"e782331fbb034b3eb40dd83c27e42191","Caller":"Shim","Action":"Create","Callee":"Shim","CalleeAction":"CreatePodSandbox","RetCode":"Ok","CostTime":70,"FunctionType":""}
{"Module":"Shim","InstanceId":"44cf4e5cce894251b5e9020341e34601","ContainerId":"44cf4e5cce894251b5e9020341e34601","Caller":"Shim","Action":"Create","Callee":"Agent","CalleeAction":"CreateContainer","RetCode":"Ok","CostTime":49,"FunctionType":""}
{"Module":"Shim","InstanceId":"44cf4e5cce894251b5e9020341e34601","ContainerId":"44cf4e5cce894251b5e9020341e34601","Caller":"Shim","Action":"Create","Callee":"Shim","CalleeAction":"CreatePodSandbox","RetCode":"Ok","CostTime":77,"FunctionType":""}
{"Module":"Shim","InstanceId":"c1c31f4b9d5e4082ba263c47ad170805","ContainerId":"c1c31f4b9d5e4082ba263c47ad170805","Caller":"Shim","Action":"Delete","Callee":"Shim","CalleeAction":"DeleteContainer","RetCode":"Ok","CostTime":0,"FunctionType":""}
{"Module":"Shim","InstanceId":"a82dd64c62424c6cae7b359e1b5e1a7c","ContainerId":"a82dd64c62424c6cae7b359e1b5e1a7c","Caller":"Shim","Action":"Delete","Callee":"Shim","CalleeAction":"DeleteContainer","RetCode":"Ok","CostTime":0,"FunctionType":""}
{"Module":"Shim","InstanceId":"44cf4e5cce894251b5e9020341e34601","ContainerId":"44cf4e5cce894251b5e9020341e34601","Caller":"Shim","Action":"Delete","Callee":"Shim","CalleeAction":"DeleteContainer","RetCode":"Ok","CostTime":0,"FunctionType":""}
{"Module":"Shim","InstanceId":"1b78dc7621144aa9aabc638a5b295e1c","ContainerId":"1b78dc7621144aa9aabc638a5b295e1c","Caller":"Shim","Action":"Delete","Callee":"Shim","CalleeAction":"DeleteContainer","RetCode":"Ok","CostTime":0,"FunctionType":""}
{"Module":"Shim","InstanceId":"86e93e932d6c4a9d8c06efe7b4f8122b","ContainerId":"86e93e932d6c4a9d8c06efe7b4f8122b","Caller":"Shim","Action":"Delete","Callee":"Shim","CalleeAction":"DeleteContainer","RetCode":"Ok","CostTime":0,"FunctionType":""}
{"Module":"Shim","InstanceId":"464514b10d23438e84aa2da5629f4e17","ContainerId":"464514b10d23438e84aa2da5629f4e17","Caller":"Shim","Action":"Delete","Callee":"Shim","CalleeAction":"DeleteContainer","RetCode":"Ok","CostTime":0,"FunctionType":""}
{"Module":"Shim","InstanceId":"e782331fbb034b3eb40dd83c27e42191","ContainerId":"e782331fbb034b3eb40dd83c27e42191","Caller":"Shim","Action":"Delete","Callee":"Shim","CalleeAction":"DeleteContainer","RetCode":"Ok","CostTime":0,"FunctionType":""}
{"Module":"Shim","InstanceId":"5b274f161c8a407b87f888028ea9e9b6","ContainerId":"5b274f161c8a407b87f888028ea9e9b6","Caller":"Shim","Action":"Delete","Callee":"Shim","CalleeAction":"DeleteContainer","RetCode":"Ok","CostTime":0,"FunctionType":""}
{"Module":"Shim","InstanceId":"31637c83e5c54eb0b3bd534f31504706","ContainerId":"31637c83e5c54eb0b3bd534f31504706","Caller":"Shim","Action":"Delete","Callee":"Shim","CalleeAction":"DeleteContainer","RetCode":"Ok","CostTime":0,"FunctionType":""}
{"Module":"Shim","InstanceId":"6011a56d4aa54f409e58a21e8e5561fa","ContainerId":"6011a56d4aa54f409e58a21e8e5561fa","Caller":"Shim","Action":"Delete","Callee":"Shim","CalleeAction":"DeleteContainer","RetCode":"Ok","CostTime":0,"FunctionType":""}
